// Jest Snapshot v1, https://goo.gl/fbAQLP

exports[`ComingSoon Should successfully render 1`] = `
<div
  className="coming-soon-page"
>
  <div
    className="bg-video"
    style={
      Object {
        "height": "360px",
        "width": "640px",
      }
    }
  />
  <header
    className="coming-soon-header"
  >
    <div
      className="subscribe-form"
    >
      <h1
        className="ant-typography"
        style={
          Object {
            "WebkitLineClamp": undefined,
          }
        }
      >
        Our Website is Coming Soon
      </h1>
      <p>
        We apos; re working hard to finish the development of the site. Sign up below to receive updates and to be noticed when we launch!
      </p>
      <div
        className="row-input-mail"
      >
        <input
          className="ant-input"
          onBlur={[Function]}
          onChange={[Function]}
          onFocus={[Function]}
          onKeyDown={[Function]}
          placeholder="Enter Email address..."
          type="large"
          value=""
        />
        <button
          className="ant-btn ant-btn-primary"
          onClick={[Function]}
          type="button"
        >
          <span>
            NOTIFY ME!
          </span>
        </button>
      </div>
    </div>
    <div
      className="social-links"
    >
      <div
        className="social-link"
      >
        <a
          href="#twitter"
        >
          <img
            alt="twitter"
            src="twitter.png"
          />
        </a>
      </div>
      <div
        className="social-link"
      >
        <a
          href="#telegram"
        >
          <img
            alt="telegram"
            src="telegram.png"
          />
        </a>
      </div>
    </div>
  </header>
</div>
`;
