// Jest Snapshot v1, https://goo.gl/fbAQLP

exports[`FeaturePost Should successfully render 1`] = `
<div
  className="ant-card ant-card-bordered post-feature-card"
>
  <div
    className="ant-card-cover"
  >
    <img
      alt="card-img"
      src="post image"
    />
  </div>
  <div
    className="ant-card-body"
    style={Object {}}
  >
    <div
      className="ant-card-meta"
    >
      <div
        className="ant-card-meta-detail"
      >
        <div
          className="ant-card-meta-description"
        >
           post date
        </div>
      </div>
    </div>
    <h2
      className="ant-typography"
      style={
        Object {
          "WebkitLineClamp": undefined,
        }
      }
    >
       post title
    </h2>
    <div
      className="ant-typography post-text"
      style={
        Object {
          "WebkitLineClamp": undefined,
        }
      }
    >
      post text
    </div>
    <a
      href="/blog/1"
      onClick={[Function]}
    >
      Read more
    </a>
  </div>
</div>
`;
