// Jest Snapshot v1, https://goo.gl/fbAQLP

exports[`PageNotFound Should successfully render 1`] = `
<div
  className="ant-empty ant-empty-normal"
>
  <div
    className="ant-empty-image"
  >
    <svg
      className="ant-empty-img-simple"
      height="41"
      viewBox="0 0 64 41"
      width="64"
      xmlns="http://www.w3.org/2000/svg"
    >
      <g
        fill="none"
        fillRule="evenodd"
        transform="translate(0 1)"
      >
        <ellipse
          className="ant-empty-img-simple-ellipse"
          cx="32"
          cy="33"
          rx="32"
          ry="7"
        />
        <g
          className="ant-empty-img-simple-g"
          fillRule="nonzero"
        >
          <path
            d="M55 12.76L44.854 1.258C44.367.474 43.656 0 42.907 0H21.093c-.749 0-1.46.474-1.947 1.257L9 12.761V22h46v-9.24z"
          />
          <path
            className="ant-empty-img-simple-path"
            d="M41.613 15.931c0-1.605.994-2.93 2.227-2.931H55v18.137C55 33.26 53.68 35 52.05 35h-40.1C10.32 35 9 33.259 9 31.137V13h11.16c1.233 0 2.227 1.323 2.227 2.928v.022c0 1.605 1.005 2.901 2.237 2.901h14.752c1.232 0 2.237-1.308 2.237-2.913v-.007z"
          />
        </g>
      </g>
    </svg>
  </div>
  <div
    className="ant-empty-footer"
  >
    <h1
      className="ant-typography"
      style={
        Object {
          "WebkitLineClamp": undefined,
        }
      }
    >
      404
    </h1>
    <span
      className="ant-typography ant-typography-secondary"
      style={
        Object {
          "WebkitLineClamp": undefined,
        }
      }
    >
      Page Not Found
    </span>
    <div
      className="ant-typography"
      style={
        Object {
          "WebkitLineClamp": undefined,
        }
      }
    >
      It looks like you found a glitch in the matrix...
    </div>
    <a
      className="ant-btn ant-btn-link"
      href="/"
      onClick={[Function]}
    >
      <span
        aria-label="arrow-left"
        className="anticon anticon-arrow-left"
        role="img"
      >
        <svg
          aria-hidden="true"
          data-icon="arrow-left"
          fill="currentColor"
          focusable="false"
          height="1em"
          viewBox="64 64 896 896"
          width="1em"
        >
          <path
            d="M872 474H286.9l350.2-304c5.6-4.9 2.2-14-5.2-14h-88.5c-3.9 0-7.6 1.4-10.5 3.9L155 487.8a31.96 31.96 0 000 48.3L535.1 866c1.5 1.3 3.3 2 5.2 2h91.5c7.4 0 10.8-9.2 5.2-14L286.9 550H872c4.4 0 8-3.6 8-8v-60c0-4.4-3.6-8-8-8z"
          />
        </svg>
      </span>
      <span>
        Back to home Page
      </span>
    </a>
  </div>
</div>
`;
