// Jest Snapshot v1, https://goo.gl/fbAQLP

exports[`SignIn Should successfully render 1`] = `
<div
  className="sign-in"
>
  <div
    className="ant-row ant-row-center"
    style={Object {}}
  >
    <div
      className="ant-col img-block ant-col-xs-0 ant-col-sm-0 ant-col-md-10 ant-col-lg-10 ant-col-xl-9 ant-col-xxl-8"
      style={Object {}}
    >
      <img
        src="https://source.unsplash.com/K4mSJ7kc0As/600x800"
      />
    </div>
    <div
      className="ant-col form-block ant-col-xs-20 ant-col-sm-22 ant-col-md-10 ant-col-lg-10 ant-col-xl-9 ant-col-xxl-8"
      style={Object {}}
    >
      <div
        className="ant-col ant-col-18"
        style={Object {}}
      >
        <form
          className="ant-form ant-form-horizontal"
          onReset={[Function]}
          onSubmit={[Function]}
        >
          <h2
            className="ant-typography title-form"
            style={
              Object {
                "WebkitLineClamp": undefined,
              }
            }
          >
            Welcome Back!
          </h2>
          <div
            className="ant-row ant-form-item"
            style={Object {}}
          >
            <div
              className="ant-col ant-form-item-control"
              style={Object {}}
            >
              <div
                className="ant-form-item-control-input"
              >
                <div
                  className="ant-form-item-control-input-content"
                >
                  <input
                    className="ant-input email"
                    name="email"
                    onBlur={[Function]}
                    onChange={[Function]}
                    onFocus={[Function]}
                    onKeyDown={[Function]}
                    placeholder="Email"
                    type="text"
                    value=""
                  />
                  
                </div>
              </div>
            </div>
          </div>
          <div
            className="ant-row ant-form-item"
            style={Object {}}
          >
            <div
              className="ant-col ant-form-item-control"
              style={Object {}}
            >
              <div
                className="ant-form-item-control-input"
              >
                <div
                  className="ant-form-item-control-input-content"
                >
                  <span
                    className="ant-input-affix-wrapper ant-input-password password"
                    onMouseUp={[Function]}
                  >
                    <input
                      action="click"
                      className="ant-input"
                      name="password"
                      onBlur={[Function]}
                      onChange={[Function]}
                      onFocus={[Function]}
                      onKeyDown={[Function]}
                      placeholder="Password"
                      style={null}
                      type="password"
                      value=""
                    />
                    <span
                      className="ant-input-suffix"
                    >
                      <span
                        aria-label="eye-invisible"
                        className="anticon anticon-eye-invisible ant-input-password-icon"
                        onClick={[Function]}
                        onMouseDown={[Function]}
                        onMouseUp={[Function]}
                        role="img"
                        tabIndex={-1}
                      >
                        <svg
                          aria-hidden="true"
                          data-icon="eye-invisible"
                          fill="currentColor"
                          focusable="false"
                          height="1em"
                          viewBox="64 64 896 896"
                          width="1em"
                        >
                          <path
                            d="M942.2 486.2Q889.47 375.11 816.7 305l-50.88 50.88C807.31 395.53 843.45 447.4 874.7 512 791.5 684.2 673.4 766 512 766q-72.67 0-133.87-22.38L323 798.75Q408 838 512 838q288.3 0 430.2-300.3a60.29 60.29 0 000-51.5zm-63.57-320.64L836 122.88a8 8 0 00-11.32 0L715.31 232.2Q624.86 186 512 186q-288.3 0-430.2 300.3a60.3 60.3 0 000 51.5q56.69 119.4 136.5 191.41L112.48 835a8 8 0 000 11.31L155.17 889a8 8 0 0011.31 0l712.15-712.12a8 8 0 000-11.32zM149.3 512C232.6 339.8 350.7 258 512 258c54.54 0 104.13 9.36 149.12 28.39l-70.3 70.3a176 176 0 00-238.13 238.13l-83.42 83.42C223.1 637.49 183.3 582.28 149.3 512zm246.7 0a112.11 112.11 0 01146.2-106.69L401.31 546.2A112 112 0 01396 512z"
                          />
                          <path
                            d="M508 624c-3.46 0-6.87-.16-10.25-.47l-52.82 52.82a176.09 176.09 0 00227.42-227.42l-52.82 52.82c.31 3.38.47 6.79.47 10.25a111.94 111.94 0 01-112 112z"
                          />
                        </svg>
                      </span>
                    </span>
                  </span>
                  
                </div>
              </div>
            </div>
          </div>
          <label
            className="ant-checkbox-wrapper"
          >
            <span
              className="ant-checkbox"
              style={Object {}}
            >
              <input
                checked={false}
                className="ant-checkbox-input"
                onBlur={[Function]}
                onChange={[Function]}
                onFocus={[Function]}
                onKeyDown={[Function]}
                onKeyPress={[Function]}
                onKeyUp={[Function]}
                type="checkbox"
              />
              <span
                className="ant-checkbox-inner"
              />
            </span>
            <span>
              Remember Me
            </span>
          </label>
          <div
            className="ant-row ant-form-item"
            style={Object {}}
          >
            <div
              className="ant-col ant-form-item-control"
              style={Object {}}
            >
              <div
                className="ant-form-item-control-input"
              >
                <div
                  className="ant-form-item-control-input-content"
                >
                  <button
                    className="ant-btn ant-btn-primary ant-btn-round ant-btn-block"
                    onClick={[Function]}
                    type="submit"
                  >
                    <span>
                      Login
                    </span>
                  </button>
                </div>
              </div>
            </div>
          </div>
          <hr
            className="line"
          />
          <div
            className="ant-row ant-form-item"
            style={Object {}}
          >
            <div
              className="ant-col ant-form-item-control"
              style={Object {}}
            >
              <div
                className="ant-form-item-control-input"
              >
                <div
                  className="ant-form-item-control-input-content"
                >
                  <button
                    className="ant-btn ant-btn-round ant-btn-block ant-btn-dangerous"
                    onClick={[Function]}
                    type="submit"
                  >
                    <span
                      aria-label="google"
                      className="anticon anticon-google"
                      role="img"
                    >
                      <svg
                        aria-hidden="true"
                        data-icon="google"
                        fill="currentColor"
                        focusable="false"
                        height="1em"
                        viewBox="64 64 896 896"
                        width="1em"
                      >
                        <path
                          d="M881 442.4H519.7v148.5h206.4c-8.9 48-35.9 88.6-76.6 115.8-34.4 23-78.3 36.6-129.9 36.6-99.9 0-184.4-67.5-214.6-158.2-7.6-23-12-47.6-12-72.9s4.4-49.9 12-72.9c30.3-90.6 114.8-158.1 214.7-158.1 56.3 0 106.8 19.4 146.6 57.4l110-110.1c-66.5-62-153.2-100-256.6-100-149.9 0-279.6 86-342.7 211.4-26 51.8-40.8 110.4-40.8 172.4S151 632.8 177 684.6C240.1 810 369.8 896 519.7 896c103.6 0 190.4-34.4 253.8-93 72.5-66.8 114.4-165.2 114.4-282.1 0-27.2-2.4-53.3-6.9-78.5z"
                        />
                      </svg>
                    </span>
                    <span>
                      Login with Google
                    </span>
                  </button>
                </div>
              </div>
            </div>
          </div>
          MockFacebookLogin
          <hr
            className="line"
          />
          <div
            className="footer"
          >
            <br />
            <a
              className="ant-typography"
              href="/forgot-password"
              style={
                Object {
                  "WebkitLineClamp": undefined,
                }
              }
            >
              Forgot password ?
            </a>
            <br />
            <a
              className="ant-typography"
              href="/sign-out"
              style={
                Object {
                  "WebkitLineClamp": undefined,
                }
              }
            >
              Create an Account!
            </a>
          </div>
        </form>
      </div>
    </div>
  </div>
</div>
`;
