// Jest Snapshot v1, https://goo.gl/fbAQLP

exports[`Post Should successfully render 1`] = `null`;
