// Jest Snapshot v1, https://goo.gl/fbAQLP

exports[`FormErrorMessage Should successfully render 1`] = `
<div
  className="error-message"
>
  Message error
</div>
`;
